╭─────────────────────────────────╮
│                                 │
│  Getting Started                │
│                                 │
│  Recommended Next Steps         │
│  Enter Select module to commit  │
│  Tab Switch between panes       │
│  ? Show help                    │
│                                 │
│  Other Actions                  │
│  q Quit                         │
│  v Run verification             │
│                                 │
│  [Esc] Close  [↑↓] Scroll       │
│                                 │
╰─────────────────────────────────╯