┏━━━━━━━━━━━━━━━━━━━━━━┳━━━━━━━━━━━━━━━━━┳━━━━━━━━━━━━━━━━━━━━━━━━━━━━━━━━━━━━━━━━━━━━━━━━━━━━━━━━━━━━━━━━━━━━━━━━━━━━━┓
┃ Name                 ┃ Role            ┃ Email                                                                       ┃
┣━━━━━━━━━━━━━━━━━━━━━━╋━━━━━━━━━━━━━━━━━╋━━━━━━━━━━━━━━━━━━━━━━━━━━━━━━━━━━━━━━━━━━━━━━━━━━━━━━━━━━━━━━━━━━━━━━━━━━━━━┫
┃ Alice Johnson        ┃ Engineer        ┃ alice@example.com                                                           ┃
┃ Bob Smith            ┃ Designer        ┃ bob@example.com                                                             ┃
┃ Carol White          ┃ Manager         ┃ carol@example.com                                                           ┃
┃ Dave Brown           ┃ Engineer        ┃ dave@example.com                                                            ┃
┃ Eve Davis            ┃ Analyst         ┃ eve@example.com                                                             ┃
┣━━━━━━━━━━━━━━━━━━━━━━┻━━━━━━━━━━━━━━━━━┻━━━━━━━━━━━━━━━━━━━━━━━━━━━━━━━━━━━━━━━━━━━━━━━━━━━━━━━━━━━━━━━━━━━━━━━━━━━━━┫
┃                                                                                                                  1/1 ┃
┗━━━━━━━━━━━━━━━━━━━━━━━━━━━━━━━━━━━━━━━━━━━━━━━━━━━━━━━━━━━━━━━━━━━━━━━━━━━━━━━━━━━━━━━━━━━━━━━━━━━━━━━━━━━━━━━━━━━━━━┛