[?25l[?2004h╭───────────────────────────────────────────────╮[K
│                                               │[K
│                    Action                     │[K
│                                               │[K
│          What would you like to do?           │[K
│                                               │[K
│     [ Save ]    [ Discard ]    [ Cancel ]     │[K
│                                               │[K
│                 [esc] Cancel                  │[K
│                                               │[K
╰───────────────────────────────────────────────╯[K[80D