[?2026$p[?2027$p[?25l[?2004h[>4;2m[=1;1u[?u[J╭─────────────────────────────────────────────────────────────╮
│[61X[61C│
│[25X[25CSelect Item[25X[25C│
│[61X[61C│
│[61X[61C│
│[22X[22CAlpha[34X[34C│
│[20X[20C▶ Beta  [ACTIVE][25X[25C│
│[22X[22CGamma[34X[34C│
│[61X[61C│
│[61X[61C│
│    [?] Help  [a] Add  [e] Edit  [d] Delete  [esc] Cancel    │
│[61X[61C│
╰─────────────────────────────────────────────────────────────╯