[?2026$p[?2027$p[?25l[?2004h[>4;2m[=1;1u[?u[J╭───────────────────────────────────────────────╮
│[47X[47C│
│[20X[20CAction[21X			│
│[47X[47C│
│ [9bWhat would you like to do? [10b│
│[47X[47C│
│     [ Save ]    [ Discard ]    [ Cancel ] [4b│
│[47X[47C│
│[17X		  [esc] Cancel[18X			│
│[47X[47C│
╰───────────────────────────────────────────────╯