[?25l[?2004h╭─────────────────────────────────────────────────────────────╮[K
│                                                             │[K
│                         Select Item                         │[K
│                                                             │[K
│                                                             │[K
│                      Alpha                                  │[K
│                    ▶ Beta  [ACTIVE]                         │[K
│                      Gamma                                  │[K
│                                                             │[K
│                                                             │[K
│    [?] Help  [a] Add  [e] Edit  [d] Delete  [esc] Cancel    │[K
│                                                             │[K
╰─────────────────────────────────────────────────────────────╯[K[80D